[0.131s] DEBUG:colcon:Command line arguments: ['/usr/bin/colcon', 'build', '--symlink-install']
[0.131s] DEBUG:colcon:Parsed command line arguments: Namespace(log_base=None, log_level=None, verb_name='build', build_base='build', install_base='install', merge_install=False, symlink_install=True, test_result_base=None, continue_on_error=False, executor='parallel', parallel_workers=8, event_handlers=None, ignore_user_meta=False, metas=['./colcon.meta'], base_paths=['.'], packages_ignore=None, packages_ignore_regex=None, paths=None, packages_up_to=None, packages_up_to_regex=None, packages_above=None, packages_above_and_dependencies=None, packages_above_depth=None, packages_select_by_dep=None, packages_skip_by_dep=None, packages_skip_up_to=None, packages_select_build_failed=False, packages_skip_build_finished=False, packages_select_test_failures=False, packages_skip_test_passed=False, packages_select=None, packages_skip=None, packages_select_regex=None, packages_skip_regex=None, packages_start=None, packages_end=None, cmake_args=None, cmake_target=None, cmake_target_skip_unavailable=False, cmake_clean_cache=False, cmake_clean_first=False, cmake_force_configure=False, ament_cmake_args=None, catkin_cmake_args=None, catkin_skip_building_tests=False, mixin_files=None, mixin=None, verb_parser=<colcon_mixin.mixin.mixin_argument.MixinArgumentDecorator object at 0x7f30a6af51e0>, verb_extension=<colcon_core.verb.build.BuildVerb object at 0x7f30a6c45930>, main=<bound method BuildVerb.main of <colcon_core.verb.build.BuildVerb object at 0x7f30a6c45930>>, mixin_verb=('build',))
[0.327s] Level 1:colcon.colcon_core.package_discovery:discover_packages(colcon_meta) check parameters
[0.328s] Level 1:colcon.colcon_core.package_discovery:discover_packages(recursive) check parameters
[0.328s] Level 1:colcon.colcon_core.package_discovery:discover_packages(ignore) check parameters
[0.329s] Level 1:colcon.colcon_core.package_discovery:discover_packages(path) check parameters
[0.329s] Level 1:colcon.colcon_core.package_discovery:discover_packages(colcon_meta) discover
[0.330s] Level 1:colcon.colcon_core.package_discovery:discover_packages(recursive) discover
[0.330s] INFO:colcon.colcon_core.package_discovery:Crawling recursively for packages in '/home/ros/tow_dof_ws'
[0.333s] Level 1:colcon.colcon_core.package_identification:_identify(.) by extensions ['ignore', 'ignore_ament_install']
[0.333s] Level 1:colcon.colcon_core.package_identification:_identify(.) by extension 'ignore'
[0.334s] Level 1:colcon.colcon_core.package_identification:_identify(.) by extension 'ignore_ament_install'
[0.335s] Level 1:colcon.colcon_core.package_identification:_identify(.) by extensions ['colcon_pkg']
[0.335s] Level 1:colcon.colcon_core.package_identification:_identify(.) by extension 'colcon_pkg'
[0.336s] Level 1:colcon.colcon_core.package_identification:_identify(.) by extensions ['colcon_meta']
[0.336s] Level 1:colcon.colcon_core.package_identification:_identify(.) by extension 'colcon_meta'
[0.337s] Level 1:colcon.colcon_core.package_identification:_identify(.) by extensions ['ros']
[0.337s] Level 1:colcon.colcon_core.package_identification:_identify(.) by extension 'ros'
[0.351s] Level 1:colcon.colcon_core.package_identification:_identify(.) by extensions ['cmake', 'python']
[0.351s] Level 1:colcon.colcon_core.package_identification:_identify(.) by extension 'cmake'
[0.352s] Level 1:colcon.colcon_core.package_identification:_identify(.) by extension 'python'
[0.353s] Level 1:colcon.colcon_core.package_identification:_identify(.) by extensions ['python_setup_py']
[0.353s] Level 1:colcon.colcon_core.package_identification:_identify(.) by extension 'python_setup_py'
[0.357s] Level 1:colcon.colcon_core.package_identification:_identify(build) by extensions ['ignore', 'ignore_ament_install']
[0.358s] Level 1:colcon.colcon_core.package_identification:_identify(build) by extension 'ignore'
[0.359s] Level 1:colcon.colcon_core.package_identification:_identify(build) ignored
[0.362s] Level 1:colcon.colcon_core.package_identification:_identify(install) by extensions ['ignore', 'ignore_ament_install']
[0.363s] Level 1:colcon.colcon_core.package_identification:_identify(install) by extension 'ignore'
[0.364s] Level 1:colcon.colcon_core.package_identification:_identify(install) ignored
[0.368s] Level 1:colcon.colcon_core.package_identification:_identify(log) by extensions ['ignore', 'ignore_ament_install']
[0.368s] Level 1:colcon.colcon_core.package_identification:_identify(log) by extension 'ignore'
[0.369s] Level 1:colcon.colcon_core.package_identification:_identify(log) ignored
[0.371s] Level 1:colcon.colcon_core.package_identification:_identify(src) by extensions ['ignore', 'ignore_ament_install']
[0.371s] Level 1:colcon.colcon_core.package_identification:_identify(src) by extension 'ignore'
[0.372s] Level 1:colcon.colcon_core.package_identification:_identify(src) by extension 'ignore_ament_install'
[0.373s] Level 1:colcon.colcon_core.package_identification:_identify(src) by extensions ['colcon_pkg']
[0.373s] Level 1:colcon.colcon_core.package_identification:_identify(src) by extension 'colcon_pkg'
[0.374s] Level 1:colcon.colcon_core.package_identification:_identify(src) by extensions ['colcon_meta']
[0.375s] Level 1:colcon.colcon_core.package_identification:_identify(src) by extension 'colcon_meta'
[0.375s] Level 1:colcon.colcon_core.package_identification:_identify(src) by extensions ['ros']
[0.376s] Level 1:colcon.colcon_core.package_identification:_identify(src) by extension 'ros'
[0.379s] Level 1:colcon.colcon_core.package_identification:_identify(src) by extensions ['cmake', 'python']
[0.379s] Level 1:colcon.colcon_core.package_identification:_identify(src) by extension 'cmake'
[0.380s] Level 1:colcon.colcon_core.package_identification:_identify(src) by extension 'python'
[0.381s] Level 1:colcon.colcon_core.package_identification:_identify(src) by extensions ['python_setup_py']
[0.381s] Level 1:colcon.colcon_core.package_identification:_identify(src) by extension 'python_setup_py'
[0.385s] Level 1:colcon.colcon_core.package_identification:_identify(src/tow_dof_description) by extensions ['ignore', 'ignore_ament_install']
[0.386s] Level 1:colcon.colcon_core.package_identification:_identify(src/tow_dof_description) by extension 'ignore'
[0.387s] Level 1:colcon.colcon_core.package_identification:_identify(src/tow_dof_description) by extension 'ignore_ament_install'
[0.389s] Level 1:colcon.colcon_core.package_identification:_identify(src/tow_dof_description) by extensions ['colcon_pkg']
[0.389s] Level 1:colcon.colcon_core.package_identification:_identify(src/tow_dof_description) by extension 'colcon_pkg'
[0.390s] Level 1:colcon.colcon_core.package_identification:_identify(src/tow_dof_description) by extensions ['colcon_meta']
[0.391s] Level 1:colcon.colcon_core.package_identification:_identify(src/tow_dof_description) by extension 'colcon_meta'
[0.392s] Level 1:colcon.colcon_core.package_identification:_identify(src/tow_dof_description) by extensions ['ros']
[0.392s] Level 1:colcon.colcon_core.package_identification:_identify(src/tow_dof_description) by extension 'ros'
[0.407s] DEBUG:colcon.colcon_core.package_identification:Package 'src/tow_dof_description' with type 'ros.ament_cmake' and name 'tow_dof_description'
[0.411s] Level 1:colcon.colcon_core.package_identification:_identify(src/tow_dof_motion) by extensions ['ignore', 'ignore_ament_install']
[0.412s] Level 1:colcon.colcon_core.package_identification:_identify(src/tow_dof_motion) by extension 'ignore'
[0.413s] Level 1:colcon.colcon_core.package_identification:_identify(src/tow_dof_motion) by extension 'ignore_ament_install'
[0.415s] Level 1:colcon.colcon_core.package_identification:_identify(src/tow_dof_motion) by extensions ['colcon_pkg']
[0.415s] Level 1:colcon.colcon_core.package_identification:_identify(src/tow_dof_motion) by extension 'colcon_pkg'
[0.416s] Level 1:colcon.colcon_core.package_identification:_identify(src/tow_dof_motion) by extensions ['colcon_meta']
[0.416s] Level 1:colcon.colcon_core.package_identification:_identify(src/tow_dof_motion) by extension 'colcon_meta'
[0.418s] Level 1:colcon.colcon_core.package_identification:_identify(src/tow_dof_motion) by extensions ['ros']
[0.418s] Level 1:colcon.colcon_core.package_identification:_identify(src/tow_dof_motion) by extension 'ros'
[0.430s] DEBUG:colcon.colcon_core.package_identification:Package 'src/tow_dof_motion' with type 'ros.ament_cmake' and name 'tow_dof_motion'
[0.434s] Level 1:colcon.colcon_core.package_identification:_identify(src/tow_dof_moveit_config) by extensions ['ignore', 'ignore_ament_install']
[0.434s] Level 1:colcon.colcon_core.package_identification:_identify(src/tow_dof_moveit_config) by extension 'ignore'
[0.435s] Level 1:colcon.colcon_core.package_identification:_identify(src/tow_dof_moveit_config) by extension 'ignore_ament_install'
[0.438s] Level 1:colcon.colcon_core.package_identification:_identify(src/tow_dof_moveit_config) by extensions ['colcon_pkg']
[0.438s] Level 1:colcon.colcon_core.package_identification:_identify(src/tow_dof_moveit_config) by extension 'colcon_pkg'
[0.439s] Level 1:colcon.colcon_core.package_identification:_identify(src/tow_dof_moveit_config) by extensions ['colcon_meta']
[0.440s] Level 1:colcon.colcon_core.package_identification:_identify(src/tow_dof_moveit_config) by extension 'colcon_meta'
[0.441s] Level 1:colcon.colcon_core.package_identification:_identify(src/tow_dof_moveit_config) by extensions ['ros']
[0.441s] Level 1:colcon.colcon_core.package_identification:_identify(src/tow_dof_moveit_config) by extension 'ros'
[0.454s] DEBUG:colcon.colcon_core.package_identification:Package 'src/tow_dof_moveit_config' with type 'ros.ament_cmake' and name 'tow_dof_moveit_config'
[0.454s] Level 1:colcon.colcon_core.package_discovery:discover_packages(recursive) using defaults
[0.454s] Level 1:colcon.colcon_core.package_discovery:discover_packages(ignore) discover
[0.455s] Level 1:colcon.colcon_core.package_discovery:discover_packages(ignore) using defaults
[0.455s] Level 1:colcon.colcon_core.package_discovery:discover_packages(path) discover
[0.455s] Level 1:colcon.colcon_core.package_discovery:discover_packages(path) using defaults
[0.486s] Level 5:colcon.colcon_core.verb:set package 'tow_dof_description' build argument 'cmake_args' from command line to 'None'
[0.486s] Level 5:colcon.colcon_core.verb:set package 'tow_dof_description' build argument 'cmake_target' from command line to 'None'
[0.486s] Level 5:colcon.colcon_core.verb:set package 'tow_dof_description' build argument 'cmake_target_skip_unavailable' from command line to 'False'
[0.486s] Level 5:colcon.colcon_core.verb:set package 'tow_dof_description' build argument 'cmake_clean_cache' from command line to 'False'
[0.487s] Level 5:colcon.colcon_core.verb:set package 'tow_dof_description' build argument 'cmake_clean_first' from command line to 'False'
[0.487s] Level 5:colcon.colcon_core.verb:set package 'tow_dof_description' build argument 'cmake_force_configure' from command line to 'False'
[0.487s] Level 5:colcon.colcon_core.verb:set package 'tow_dof_description' build argument 'ament_cmake_args' from command line to 'None'
[0.487s] Level 5:colcon.colcon_core.verb:set package 'tow_dof_description' build argument 'catkin_cmake_args' from command line to 'None'
[0.487s] Level 5:colcon.colcon_core.verb:set package 'tow_dof_description' build argument 'catkin_skip_building_tests' from command line to 'False'
[0.487s] DEBUG:colcon.colcon_core.verb:Building package 'tow_dof_description' with the following arguments: {'ament_cmake_args': None, 'build_base': '/home/ros/tow_dof_ws/build/tow_dof_description', 'catkin_cmake_args': None, 'catkin_skip_building_tests': False, 'cmake_args': None, 'cmake_clean_cache': False, 'cmake_clean_first': False, 'cmake_force_configure': False, 'cmake_target': None, 'cmake_target_skip_unavailable': False, 'install_base': '/home/ros/tow_dof_ws/install/tow_dof_description', 'merge_install': False, 'path': '/home/ros/tow_dof_ws/src/tow_dof_description', 'symlink_install': True, 'test_result_base': None}
[0.488s] Level 5:colcon.colcon_core.verb:set package 'tow_dof_motion' build argument 'cmake_args' from command line to 'None'
[0.488s] Level 5:colcon.colcon_core.verb:set package 'tow_dof_motion' build argument 'cmake_target' from command line to 'None'
[0.488s] Level 5:colcon.colcon_core.verb:set package 'tow_dof_motion' build argument 'cmake_target_skip_unavailable' from command line to 'False'
[0.489s] Level 5:colcon.colcon_core.verb:set package 'tow_dof_motion' build argument 'cmake_clean_cache' from command line to 'False'
[0.489s] Level 5:colcon.colcon_core.verb:set package 'tow_dof_motion' build argument 'cmake_clean_first' from command line to 'False'
[0.489s] Level 5:colcon.colcon_core.verb:set package 'tow_dof_motion' build argument 'cmake_force_configure' from command line to 'False'
[0.489s] Level 5:colcon.colcon_core.verb:set package 'tow_dof_motion' build argument 'ament_cmake_args' from command line to 'None'
[0.489s] Level 5:colcon.colcon_core.verb:set package 'tow_dof_motion' build argument 'catkin_cmake_args' from command line to 'None'
[0.489s] Level 5:colcon.colcon_core.verb:set package 'tow_dof_motion' build argument 'catkin_skip_building_tests' from command line to 'False'
[0.490s] DEBUG:colcon.colcon_core.verb:Building package 'tow_dof_motion' with the following arguments: {'ament_cmake_args': None, 'build_base': '/home/ros/tow_dof_ws/build/tow_dof_motion', 'catkin_cmake_args': None, 'catkin_skip_building_tests': False, 'cmake_args': None, 'cmake_clean_cache': False, 'cmake_clean_first': False, 'cmake_force_configure': False, 'cmake_target': None, 'cmake_target_skip_unavailable': False, 'install_base': '/home/ros/tow_dof_ws/install/tow_dof_motion', 'merge_install': False, 'path': '/home/ros/tow_dof_ws/src/tow_dof_motion', 'symlink_install': True, 'test_result_base': None}
[0.490s] Level 5:colcon.colcon_core.verb:set package 'tow_dof_moveit_config' build argument 'cmake_args' from command line to 'None'
[0.490s] Level 5:colcon.colcon_core.verb:set package 'tow_dof_moveit_config' build argument 'cmake_target' from command line to 'None'
[0.490s] Level 5:colcon.colcon_core.verb:set package 'tow_dof_moveit_config' build argument 'cmake_target_skip_unavailable' from command line to 'False'
[0.491s] Level 5:colcon.colcon_core.verb:set package 'tow_dof_moveit_config' build argument 'cmake_clean_cache' from command line to 'False'
[0.491s] Level 5:colcon.colcon_core.verb:set package 'tow_dof_moveit_config' build argument 'cmake_clean_first' from command line to 'False'
[0.491s] Level 5:colcon.colcon_core.verb:set package 'tow_dof_moveit_config' build argument 'cmake_force_configure' from command line to 'False'
[0.491s] Level 5:colcon.colcon_core.verb:set package 'tow_dof_moveit_config' build argument 'ament_cmake_args' from command line to 'None'
[0.491s] Level 5:colcon.colcon_core.verb:set package 'tow_dof_moveit_config' build argument 'catkin_cmake_args' from command line to 'None'
[0.491s] Level 5:colcon.colcon_core.verb:set package 'tow_dof_moveit_config' build argument 'catkin_skip_building_tests' from command line to 'False'
[0.491s] DEBUG:colcon.colcon_core.verb:Building package 'tow_dof_moveit_config' with the following arguments: {'ament_cmake_args': None, 'build_base': '/home/ros/tow_dof_ws/build/tow_dof_moveit_config', 'catkin_cmake_args': None, 'catkin_skip_building_tests': False, 'cmake_args': None, 'cmake_clean_cache': False, 'cmake_clean_first': False, 'cmake_force_configure': False, 'cmake_target': None, 'cmake_target_skip_unavailable': False, 'install_base': '/home/ros/tow_dof_ws/install/tow_dof_moveit_config', 'merge_install': False, 'path': '/home/ros/tow_dof_ws/src/tow_dof_moveit_config', 'symlink_install': True, 'test_result_base': None}
[0.492s] INFO:colcon.colcon_core.executor:Executing jobs using 'parallel' executor
[0.493s] DEBUG:colcon.colcon_parallel_executor.executor.parallel:run_until_complete
[0.493s] INFO:colcon.colcon_ros.task.ament_cmake.build:Building ROS package in '/home/ros/tow_dof_ws/src/tow_dof_description' with build type 'ament_cmake'
[0.494s] INFO:colcon.colcon_cmake.task.cmake.build:Building CMake package in '/home/ros/tow_dof_ws/src/tow_dof_description'
[0.497s] INFO:colcon.colcon_core.plugin_system:Skipping extension 'colcon_core.shell.bat': Not used on non-Windows systems
[0.497s] INFO:colcon.colcon_core.shell:Skip shell extension 'powershell' for command environment: Not usable outside of PowerShell
[0.498s] DEBUG:colcon.colcon_core.shell:Skip shell extension 'dsv' for command environment
[0.500s] WARNING:colcon.colcon_ros.prefix_path.ament:The path '/home/ros/tow_dof_ws/install/xacro_converter' in the environment variable AMENT_PREFIX_PATH doesn't exist
[0.501s] WARNING:colcon.colcon_ros.prefix_path.ament:The path '/home/ros/tow_dof_ws/install/tow_dof_moveit_config' in the environment variable AMENT_PREFIX_PATH doesn't exist
[0.502s] WARNING:colcon.colcon_ros.prefix_path.ament:The path '/home/ros/tow_dof_ws/install/tow_dof_motion' in the environment variable AMENT_PREFIX_PATH doesn't exist
[0.502s] WARNING:colcon.colcon_ros.prefix_path.ament:The path '/home/ros/tow_dof_ws/install/tow_dof_description' in the environment variable AMENT_PREFIX_PATH doesn't exist
[0.504s] WARNING:colcon.colcon_ros.prefix_path.catkin:The path '/home/ros/tow_dof_ws/install/tow_dof_moveit_config' in the environment variable CMAKE_PREFIX_PATH doesn't exist
[0.504s] WARNING:colcon.colcon_ros.prefix_path.catkin:The path '/home/ros/tow_dof_ws/install/tow_dof_motion' in the environment variable CMAKE_PREFIX_PATH doesn't exist
[0.505s] WARNING:colcon.colcon_ros.prefix_path.catkin:The path '/home/ros/tow_dof_ws/install/tow_dof_description' in the environment variable CMAKE_PREFIX_PATH doesn't exist
[0.528s] INFO:colcon.colcon_ros.task.ament_cmake.build:Building ROS package in '/home/ros/tow_dof_ws/src/tow_dof_motion' with build type 'ament_cmake'
[0.528s] INFO:colcon.colcon_cmake.task.cmake.build:Building CMake package in '/home/ros/tow_dof_ws/src/tow_dof_motion'
[0.529s] INFO:colcon.colcon_core.shell:Skip shell extension 'powershell' for command environment: Not usable outside of PowerShell
[0.530s] DEBUG:colcon.colcon_core.shell:Skip shell extension 'dsv' for command environment
[0.573s] DEBUG:colcon.colcon_core.event_handler.log_command:Invoking command in '/home/ros/tow_dof_ws/build/tow_dof_description': CMAKE_PREFIX_PATH=${CMAKE_PREFIX_PATH}:/home/ros/tow_dof_ws/install/xacro_converter:/opt/ros/humble /usr/bin/cmake /home/ros/tow_dof_ws/src/tow_dof_description -DAMENT_CMAKE_SYMLINK_INSTALL=1 -DCMAKE_INSTALL_PREFIX=/home/ros/tow_dof_ws/install/tow_dof_description
[0.597s] DEBUG:colcon.colcon_core.event_handler.log_command:Invoking command in '/home/ros/tow_dof_ws/build/tow_dof_motion': CMAKE_PREFIX_PATH=${CMAKE_PREFIX_PATH}:/home/ros/tow_dof_ws/install/xacro_converter:/opt/ros/humble /usr/bin/cmake /home/ros/tow_dof_ws/src/tow_dof_motion -DAMENT_CMAKE_SYMLINK_INSTALL=1 -DCMAKE_INSTALL_PREFIX=/home/ros/tow_dof_ws/install/tow_dof_motion
[4.125s] DEBUG:colcon.colcon_core.event_handler.log_command:Invoked command in '/home/ros/tow_dof_ws/build/tow_dof_description' returned '0': CMAKE_PREFIX_PATH=${CMAKE_PREFIX_PATH}:/home/ros/tow_dof_ws/install/xacro_converter:/opt/ros/humble /usr/bin/cmake /home/ros/tow_dof_ws/src/tow_dof_description -DAMENT_CMAKE_SYMLINK_INSTALL=1 -DCMAKE_INSTALL_PREFIX=/home/ros/tow_dof_ws/install/tow_dof_description
[4.137s] DEBUG:colcon.colcon_core.event_handler.log_command:Invoking command in '/home/ros/tow_dof_ws/build/tow_dof_description': CMAKE_PREFIX_PATH=${CMAKE_PREFIX_PATH}:/home/ros/tow_dof_ws/install/xacro_converter:/opt/ros/humble /usr/bin/cmake --build /home/ros/tow_dof_ws/build/tow_dof_description -- -j8 -l8
[4.268s] DEBUG:colcon.colcon_core.event_handler.log_command:Invoked command in '/home/ros/tow_dof_ws/build/tow_dof_description' returned '0': CMAKE_PREFIX_PATH=${CMAKE_PREFIX_PATH}:/home/ros/tow_dof_ws/install/xacro_converter:/opt/ros/humble /usr/bin/cmake --build /home/ros/tow_dof_ws/build/tow_dof_description -- -j8 -l8
[4.481s] DEBUG:colcon.colcon_core.event_handler.log_command:Invoking command in '/home/ros/tow_dof_ws/build/tow_dof_description': CMAKE_PREFIX_PATH=${CMAKE_PREFIX_PATH}:/home/ros/tow_dof_ws/install/xacro_converter:/opt/ros/humble /usr/bin/cmake --install /home/ros/tow_dof_ws/build/tow_dof_description
[5.773s] Level 1:colcon.colcon_core.environment:create_environment_scripts_only(tow_dof_description)
[5.774s] DEBUG:colcon.colcon_core.event_handler.log_command:Invoked command in '/home/ros/tow_dof_ws/build/tow_dof_description' returned '0': CMAKE_PREFIX_PATH=${CMAKE_PREFIX_PATH}:/home/ros/tow_dof_ws/install/xacro_converter:/opt/ros/humble /usr/bin/cmake --install /home/ros/tow_dof_ws/build/tow_dof_description
[5.776s] Level 1:colcon.colcon_core.environment:checking '/home/ros/tow_dof_ws/install/tow_dof_description' for CMake module files
[5.830s] Level 1:colcon.colcon_core.environment:checking '/home/ros/tow_dof_ws/install/tow_dof_description' for CMake config files
[5.884s] Level 1:colcon.colcon_core.shell:create_environment_hook('tow_dof_description', 'cmake_prefix_path')
[5.885s] INFO:colcon.colcon_core.shell:Creating environment hook '/home/ros/tow_dof_ws/install/tow_dof_description/share/tow_dof_description/hook/cmake_prefix_path.ps1'
[5.893s] INFO:colcon.colcon_core.shell:Creating environment descriptor '/home/ros/tow_dof_ws/install/tow_dof_description/share/tow_dof_description/hook/cmake_prefix_path.dsv'
[5.901s] INFO:colcon.colcon_core.shell:Creating environment hook '/home/ros/tow_dof_ws/install/tow_dof_description/share/tow_dof_description/hook/cmake_prefix_path.sh'
[5.912s] Level 1:colcon.colcon_core.environment:checking '/home/ros/tow_dof_ws/install/tow_dof_description/bin'
[5.913s] Level 1:colcon.colcon_core.environment:checking '/home/ros/tow_dof_ws/install/tow_dof_description/lib/pkgconfig/tow_dof_description.pc'
[5.916s] Level 1:colcon.colcon_core.environment:checking '/home/ros/tow_dof_ws/install/tow_dof_description/lib/python3.10/site-packages'
[5.917s] Level 1:colcon.colcon_core.environment:checking '/home/ros/tow_dof_ws/install/tow_dof_description/bin'
[5.918s] INFO:colcon.colcon_core.shell:Creating package script '/home/ros/tow_dof_ws/install/tow_dof_description/share/tow_dof_description/package.ps1'
[5.923s] INFO:colcon.colcon_core.shell:Creating package descriptor '/home/ros/tow_dof_ws/install/tow_dof_description/share/tow_dof_description/package.dsv'
[5.935s] INFO:colcon.colcon_core.shell:Creating package script '/home/ros/tow_dof_ws/install/tow_dof_description/share/tow_dof_description/package.sh'
[5.945s] INFO:colcon.colcon_core.shell:Creating package script '/home/ros/tow_dof_ws/install/tow_dof_description/share/tow_dof_description/package.bash'
[5.953s] INFO:colcon.colcon_core.shell:Creating package script '/home/ros/tow_dof_ws/install/tow_dof_description/share/tow_dof_description/package.zsh'
[5.963s] Level 1:colcon.colcon_core.environment:create_file_with_runtime_dependencies(/home/ros/tow_dof_ws/install/tow_dof_description/share/colcon-core/packages/tow_dof_description)
[6.065s] Level 1:colcon.colcon_core.environment:create_environment_scripts_only(tow_dof_description)
[6.066s] Level 1:colcon.colcon_core.environment:checking '/home/ros/tow_dof_ws/install/tow_dof_description' for CMake module files
[6.135s] Level 1:colcon.colcon_core.environment:checking '/home/ros/tow_dof_ws/install/tow_dof_description' for CMake config files
[6.203s] Level 1:colcon.colcon_core.shell:create_environment_hook('tow_dof_description', 'cmake_prefix_path')
[6.204s] INFO:colcon.colcon_core.shell:Creating environment hook '/home/ros/tow_dof_ws/install/tow_dof_description/share/tow_dof_description/hook/cmake_prefix_path.ps1'
[6.217s] INFO:colcon.colcon_core.shell:Creating environment descriptor '/home/ros/tow_dof_ws/install/tow_dof_description/share/tow_dof_description/hook/cmake_prefix_path.dsv'
[6.231s] INFO:colcon.colcon_core.shell:Creating environment hook '/home/ros/tow_dof_ws/install/tow_dof_description/share/tow_dof_description/hook/cmake_prefix_path.sh'
[6.246s] Level 1:colcon.colcon_core.environment:checking '/home/ros/tow_dof_ws/install/tow_dof_description/bin'
[6.247s] Level 1:colcon.colcon_core.environment:checking '/home/ros/tow_dof_ws/install/tow_dof_description/lib/pkgconfig/tow_dof_description.pc'
[6.249s] Level 1:colcon.colcon_core.environment:checking '/home/ros/tow_dof_ws/install/tow_dof_description/lib/python3.10/site-packages'
[6.250s] Level 1:colcon.colcon_core.environment:checking '/home/ros/tow_dof_ws/install/tow_dof_description/bin'
[6.252s] INFO:colcon.colcon_core.shell:Creating package script '/home/ros/tow_dof_ws/install/tow_dof_description/share/tow_dof_description/package.ps1'
[6.259s] INFO:colcon.colcon_core.shell:Creating package descriptor '/home/ros/tow_dof_ws/install/tow_dof_description/share/tow_dof_description/package.dsv'
[6.269s] INFO:colcon.colcon_core.shell:Creating package script '/home/ros/tow_dof_ws/install/tow_dof_description/share/tow_dof_description/package.sh'
[6.275s] INFO:colcon.colcon_core.shell:Creating package script '/home/ros/tow_dof_ws/install/tow_dof_description/share/tow_dof_description/package.bash'
[6.287s] INFO:colcon.colcon_core.shell:Creating package script '/home/ros/tow_dof_ws/install/tow_dof_description/share/tow_dof_description/package.zsh'
[6.295s] Level 1:colcon.colcon_core.environment:create_file_with_runtime_dependencies(/home/ros/tow_dof_ws/install/tow_dof_description/share/colcon-core/packages/tow_dof_description)
[6.304s] INFO:colcon.colcon_ros.task.ament_cmake.build:Building ROS package in '/home/ros/tow_dof_ws/src/tow_dof_moveit_config' with build type 'ament_cmake'
[6.304s] INFO:colcon.colcon_cmake.task.cmake.build:Building CMake package in '/home/ros/tow_dof_ws/src/tow_dof_moveit_config'
[6.305s] INFO:colcon.colcon_core.shell:Skip shell extension 'powershell' for command environment: Not usable outside of PowerShell
[6.306s] DEBUG:colcon.colcon_core.shell:Skip shell extension 'dsv' for command environment
[6.399s] DEBUG:colcon.colcon_core.event_handler.log_command:Invoking command in '/home/ros/tow_dof_ws/build/tow_dof_moveit_config': CMAKE_PREFIX_PATH=/home/ros/tow_dof_ws/install/tow_dof_description:/home/ros/tow_dof_ws/install/tow_dof_moveit_config:/home/ros/tow_dof_ws/install/tow_dof_motion:/home/ros/install/tow_dof_description:/home/ros/tow_dof_ws/install/xacro_converter:/opt/ros/humble /usr/bin/cmake /home/ros/tow_dof_ws/src/tow_dof_moveit_config -DAMENT_CMAKE_SYMLINK_INSTALL=1 -DCMAKE_INSTALL_PREFIX=/home/ros/tow_dof_ws/install/tow_dof_moveit_config
[9.645s] DEBUG:colcon.colcon_core.event_handler.log_command:Invoked command in '/home/ros/tow_dof_ws/build/tow_dof_moveit_config' returned '0': CMAKE_PREFIX_PATH=/home/ros/tow_dof_ws/install/tow_dof_description:/home/ros/tow_dof_ws/install/tow_dof_moveit_config:/home/ros/tow_dof_ws/install/tow_dof_motion:/home/ros/install/tow_dof_description:/home/ros/tow_dof_ws/install/xacro_converter:/opt/ros/humble /usr/bin/cmake /home/ros/tow_dof_ws/src/tow_dof_moveit_config -DAMENT_CMAKE_SYMLINK_INSTALL=1 -DCMAKE_INSTALL_PREFIX=/home/ros/tow_dof_ws/install/tow_dof_moveit_config
[9.653s] DEBUG:colcon.colcon_core.event_handler.log_command:Invoking command in '/home/ros/tow_dof_ws/build/tow_dof_moveit_config': CMAKE_PREFIX_PATH=/home/ros/tow_dof_ws/install/tow_dof_description:/home/ros/tow_dof_ws/install/tow_dof_moveit_config:/home/ros/tow_dof_ws/install/tow_dof_motion:/home/ros/install/tow_dof_description:/home/ros/tow_dof_ws/install/xacro_converter:/opt/ros/humble /usr/bin/cmake --build /home/ros/tow_dof_ws/build/tow_dof_moveit_config -- -j8 -l8
[9.761s] DEBUG:colcon.colcon_core.event_handler.log_command:Invoked command in '/home/ros/tow_dof_ws/build/tow_dof_moveit_config' returned '0': CMAKE_PREFIX_PATH=/home/ros/tow_dof_ws/install/tow_dof_description:/home/ros/tow_dof_ws/install/tow_dof_moveit_config:/home/ros/tow_dof_ws/install/tow_dof_motion:/home/ros/install/tow_dof_description:/home/ros/tow_dof_ws/install/xacro_converter:/opt/ros/humble /usr/bin/cmake --build /home/ros/tow_dof_ws/build/tow_dof_moveit_config -- -j8 -l8
[9.854s] DEBUG:colcon.colcon_core.event_handler.log_command:Invoking command in '/home/ros/tow_dof_ws/build/tow_dof_moveit_config': CMAKE_PREFIX_PATH=/home/ros/tow_dof_ws/install/tow_dof_description:/home/ros/tow_dof_ws/install/tow_dof_moveit_config:/home/ros/tow_dof_ws/install/tow_dof_motion:/home/ros/install/tow_dof_description:/home/ros/tow_dof_ws/install/xacro_converter:/opt/ros/humble /usr/bin/cmake --install /home/ros/tow_dof_ws/build/tow_dof_moveit_config
[11.472s] Level 1:colcon.colcon_core.environment:create_environment_scripts_only(tow_dof_moveit_config)
[11.473s] Level 1:colcon.colcon_core.environment:checking '/home/ros/tow_dof_ws/install/tow_dof_moveit_config' for CMake module files
[11.474s] DEBUG:colcon.colcon_core.event_handler.log_command:Invoked command in '/home/ros/tow_dof_ws/build/tow_dof_moveit_config' returned '0': CMAKE_PREFIX_PATH=/home/ros/tow_dof_ws/install/tow_dof_description:/home/ros/tow_dof_ws/install/tow_dof_moveit_config:/home/ros/tow_dof_ws/install/tow_dof_motion:/home/ros/install/tow_dof_description:/home/ros/tow_dof_ws/install/xacro_converter:/opt/ros/humble /usr/bin/cmake --install /home/ros/tow_dof_ws/build/tow_dof_moveit_config
[11.550s] Level 1:colcon.colcon_core.environment:checking '/home/ros/tow_dof_ws/install/tow_dof_moveit_config' for CMake config files
[11.616s] Level 1:colcon.colcon_core.shell:create_environment_hook('tow_dof_moveit_config', 'cmake_prefix_path')
[11.616s] INFO:colcon.colcon_core.shell:Creating environment hook '/home/ros/tow_dof_ws/install/tow_dof_moveit_config/share/tow_dof_moveit_config/hook/cmake_prefix_path.ps1'
[11.626s] INFO:colcon.colcon_core.shell:Creating environment descriptor '/home/ros/tow_dof_ws/install/tow_dof_moveit_config/share/tow_dof_moveit_config/hook/cmake_prefix_path.dsv'
[11.637s] INFO:colcon.colcon_core.shell:Creating environment hook '/home/ros/tow_dof_ws/install/tow_dof_moveit_config/share/tow_dof_moveit_config/hook/cmake_prefix_path.sh'
[11.654s] Level 1:colcon.colcon_core.environment:checking '/home/ros/tow_dof_ws/install/tow_dof_moveit_config/bin'
[11.656s] Level 1:colcon.colcon_core.environment:checking '/home/ros/tow_dof_ws/install/tow_dof_moveit_config/lib/pkgconfig/tow_dof_moveit_config.pc'
[11.657s] Level 1:colcon.colcon_core.environment:checking '/home/ros/tow_dof_ws/install/tow_dof_moveit_config/lib/python3.10/site-packages'
[11.659s] Level 1:colcon.colcon_core.environment:checking '/home/ros/tow_dof_ws/install/tow_dof_moveit_config/bin'
[11.660s] INFO:colcon.colcon_core.shell:Creating package script '/home/ros/tow_dof_ws/install/tow_dof_moveit_config/share/tow_dof_moveit_config/package.ps1'
[11.671s] INFO:colcon.colcon_core.shell:Creating package descriptor '/home/ros/tow_dof_ws/install/tow_dof_moveit_config/share/tow_dof_moveit_config/package.dsv'
[11.684s] INFO:colcon.colcon_core.shell:Creating package script '/home/ros/tow_dof_ws/install/tow_dof_moveit_config/share/tow_dof_moveit_config/package.sh'
[11.695s] INFO:colcon.colcon_core.shell:Creating package script '/home/ros/tow_dof_ws/install/tow_dof_moveit_config/share/tow_dof_moveit_config/package.bash'
[11.708s] INFO:colcon.colcon_core.shell:Creating package script '/home/ros/tow_dof_ws/install/tow_dof_moveit_config/share/tow_dof_moveit_config/package.zsh'
[11.721s] Level 1:colcon.colcon_core.environment:create_file_with_runtime_dependencies(/home/ros/tow_dof_ws/install/tow_dof_moveit_config/share/colcon-core/packages/tow_dof_moveit_config)
[11.931s] Level 1:colcon.colcon_core.environment:create_environment_scripts_only(tow_dof_moveit_config)
[11.931s] Level 1:colcon.colcon_core.environment:checking '/home/ros/tow_dof_ws/install/tow_dof_moveit_config' for CMake module files
[12.025s] Level 1:colcon.colcon_core.environment:checking '/home/ros/tow_dof_ws/install/tow_dof_moveit_config' for CMake config files
[12.099s] Level 1:colcon.colcon_core.shell:create_environment_hook('tow_dof_moveit_config', 'cmake_prefix_path')
[12.099s] INFO:colcon.colcon_core.shell:Creating environment hook '/home/ros/tow_dof_ws/install/tow_dof_moveit_config/share/tow_dof_moveit_config/hook/cmake_prefix_path.ps1'
[12.112s] INFO:colcon.colcon_core.shell:Creating environment descriptor '/home/ros/tow_dof_ws/install/tow_dof_moveit_config/share/tow_dof_moveit_config/hook/cmake_prefix_path.dsv'
[12.124s] INFO:colcon.colcon_core.shell:Creating environment hook '/home/ros/tow_dof_ws/install/tow_dof_moveit_config/share/tow_dof_moveit_config/hook/cmake_prefix_path.sh'
[12.138s] Level 1:colcon.colcon_core.environment:checking '/home/ros/tow_dof_ws/install/tow_dof_moveit_config/bin'
[12.139s] Level 1:colcon.colcon_core.environment:checking '/home/ros/tow_dof_ws/install/tow_dof_moveit_config/lib/pkgconfig/tow_dof_moveit_config.pc'
[12.141s] Level 1:colcon.colcon_core.environment:checking '/home/ros/tow_dof_ws/install/tow_dof_moveit_config/lib/python3.10/site-packages'
[12.142s] Level 1:colcon.colcon_core.environment:checking '/home/ros/tow_dof_ws/install/tow_dof_moveit_config/bin'
[12.144s] INFO:colcon.colcon_core.shell:Creating package script '/home/ros/tow_dof_ws/install/tow_dof_moveit_config/share/tow_dof_moveit_config/package.ps1'
[12.155s] INFO:colcon.colcon_core.shell:Creating package descriptor '/home/ros/tow_dof_ws/install/tow_dof_moveit_config/share/tow_dof_moveit_config/package.dsv'
[12.166s] INFO:colcon.colcon_core.shell:Creating package script '/home/ros/tow_dof_ws/install/tow_dof_moveit_config/share/tow_dof_moveit_config/package.sh'
[12.176s] INFO:colcon.colcon_core.shell:Creating package script '/home/ros/tow_dof_ws/install/tow_dof_moveit_config/share/tow_dof_moveit_config/package.bash'
[12.186s] INFO:colcon.colcon_core.shell:Creating package script '/home/ros/tow_dof_ws/install/tow_dof_moveit_config/share/tow_dof_moveit_config/package.zsh'
[12.197s] Level 1:colcon.colcon_core.environment:create_file_with_runtime_dependencies(/home/ros/tow_dof_ws/install/tow_dof_moveit_config/share/colcon-core/packages/tow_dof_moveit_config)
[28.967s] DEBUG:colcon.colcon_core.event_handler.log_command:Invoked command in '/home/ros/tow_dof_ws/build/tow_dof_motion' returned '0': CMAKE_PREFIX_PATH=${CMAKE_PREFIX_PATH}:/home/ros/tow_dof_ws/install/xacro_converter:/opt/ros/humble /usr/bin/cmake /home/ros/tow_dof_ws/src/tow_dof_motion -DAMENT_CMAKE_SYMLINK_INSTALL=1 -DCMAKE_INSTALL_PREFIX=/home/ros/tow_dof_ws/install/tow_dof_motion
[28.985s] DEBUG:colcon.colcon_core.event_handler.log_command:Invoking command in '/home/ros/tow_dof_ws/build/tow_dof_motion': CMAKE_PREFIX_PATH=${CMAKE_PREFIX_PATH}:/home/ros/tow_dof_ws/install/xacro_converter:/opt/ros/humble /usr/bin/cmake --build /home/ros/tow_dof_ws/build/tow_dof_motion -- -j8 -l8
[46.578s] DEBUG:colcon.colcon_core.event_handler.log_command:Invoked command in '/home/ros/tow_dof_ws/build/tow_dof_motion' returned '0': CMAKE_PREFIX_PATH=${CMAKE_PREFIX_PATH}:/home/ros/tow_dof_ws/install/xacro_converter:/opt/ros/humble /usr/bin/cmake --build /home/ros/tow_dof_ws/build/tow_dof_motion -- -j8 -l8
[47.727s] DEBUG:colcon.colcon_core.event_handler.log_command:Invoking command in '/home/ros/tow_dof_ws/build/tow_dof_motion': CMAKE_PREFIX_PATH=${CMAKE_PREFIX_PATH}:/home/ros/tow_dof_ws/install/xacro_converter:/opt/ros/humble /usr/bin/cmake --install /home/ros/tow_dof_ws/build/tow_dof_motion
[57.401s] Level 1:colcon.colcon_core.environment:create_environment_scripts_only(tow_dof_motion)
[57.402s] Level 1:colcon.colcon_core.environment:checking '/home/ros/tow_dof_ws/install/tow_dof_motion' for CMake module files
[57.403s] DEBUG:colcon.colcon_core.event_handler.log_command:Invoked command in '/home/ros/tow_dof_ws/build/tow_dof_motion' returned '0': CMAKE_PREFIX_PATH=${CMAKE_PREFIX_PATH}:/home/ros/tow_dof_ws/install/xacro_converter:/opt/ros/humble /usr/bin/cmake --install /home/ros/tow_dof_ws/build/tow_dof_motion
[57.620s] Level 1:colcon.colcon_core.environment:checking '/home/ros/tow_dof_ws/install/tow_dof_motion' for CMake config files
[57.960s] Level 1:colcon.colcon_core.shell:create_environment_hook('tow_dof_motion', 'cmake_prefix_path')
[57.961s] INFO:colcon.colcon_core.shell:Creating environment hook '/home/ros/tow_dof_ws/install/tow_dof_motion/share/tow_dof_motion/hook/cmake_prefix_path.ps1'
[57.970s] INFO:colcon.colcon_core.shell:Creating environment descriptor '/home/ros/tow_dof_ws/install/tow_dof_motion/share/tow_dof_motion/hook/cmake_prefix_path.dsv'
[57.984s] INFO:colcon.colcon_core.shell:Creating environment hook '/home/ros/tow_dof_ws/install/tow_dof_motion/share/tow_dof_motion/hook/cmake_prefix_path.sh'
[58.000s] Level 1:colcon.colcon_core.environment:checking '/home/ros/tow_dof_ws/install/tow_dof_motion/lib'
[58.004s] Level 1:colcon.colcon_core.shell:create_environment_hook('tow_dof_motion', 'ld_library_path_lib')
[58.004s] INFO:colcon.colcon_core.shell:Creating environment hook '/home/ros/tow_dof_ws/install/tow_dof_motion/share/tow_dof_motion/hook/ld_library_path_lib.ps1'
[58.017s] INFO:colcon.colcon_core.shell:Creating environment descriptor '/home/ros/tow_dof_ws/install/tow_dof_motion/share/tow_dof_motion/hook/ld_library_path_lib.dsv'
[58.028s] INFO:colcon.colcon_core.shell:Creating environment hook '/home/ros/tow_dof_ws/install/tow_dof_motion/share/tow_dof_motion/hook/ld_library_path_lib.sh'
[58.038s] Level 1:colcon.colcon_core.environment:checking '/home/ros/tow_dof_ws/install/tow_dof_motion/bin'
[58.039s] Level 1:colcon.colcon_core.environment:checking '/home/ros/tow_dof_ws/install/tow_dof_motion/lib/pkgconfig/tow_dof_motion.pc'
[58.041s] Level 1:colcon.colcon_core.environment:checking '/home/ros/tow_dof_ws/install/tow_dof_motion/lib/python3.10/site-packages'
[58.043s] Level 1:colcon.colcon_core.environment:checking '/home/ros/tow_dof_ws/install/tow_dof_motion/bin'
[58.044s] INFO:colcon.colcon_core.shell:Creating package script '/home/ros/tow_dof_ws/install/tow_dof_motion/share/tow_dof_motion/package.ps1'
[58.053s] INFO:colcon.colcon_core.shell:Creating package descriptor '/home/ros/tow_dof_ws/install/tow_dof_motion/share/tow_dof_motion/package.dsv'
[58.066s] INFO:colcon.colcon_core.shell:Creating package script '/home/ros/tow_dof_ws/install/tow_dof_motion/share/tow_dof_motion/package.sh'
[58.080s] INFO:colcon.colcon_core.shell:Creating package script '/home/ros/tow_dof_ws/install/tow_dof_motion/share/tow_dof_motion/package.bash'
[58.092s] INFO:colcon.colcon_core.shell:Creating package script '/home/ros/tow_dof_ws/install/tow_dof_motion/share/tow_dof_motion/package.zsh'
[58.102s] Level 1:colcon.colcon_core.environment:create_file_with_runtime_dependencies(/home/ros/tow_dof_ws/install/tow_dof_motion/share/colcon-core/packages/tow_dof_motion)
[60.534s] Level 1:colcon.colcon_core.environment:create_environment_scripts_only(tow_dof_motion)
[60.534s] Level 1:colcon.colcon_core.environment:checking '/home/ros/tow_dof_ws/install/tow_dof_motion' for CMake module files
[60.758s] Level 1:colcon.colcon_core.environment:checking '/home/ros/tow_dof_ws/install/tow_dof_motion' for CMake config files
[61.082s] Level 1:colcon.colcon_core.shell:create_environment_hook('tow_dof_motion', 'cmake_prefix_path')
[61.082s] INFO:colcon.colcon_core.shell:Creating environment hook '/home/ros/tow_dof_ws/install/tow_dof_motion/share/tow_dof_motion/hook/cmake_prefix_path.ps1'
[61.094s] INFO:colcon.colcon_core.shell:Creating environment descriptor '/home/ros/tow_dof_ws/install/tow_dof_motion/share/tow_dof_motion/hook/cmake_prefix_path.dsv'
[61.106s] INFO:colcon.colcon_core.shell:Creating environment hook '/home/ros/tow_dof_ws/install/tow_dof_motion/share/tow_dof_motion/hook/cmake_prefix_path.sh'
[61.120s] Level 1:colcon.colcon_core.environment:checking '/home/ros/tow_dof_ws/install/tow_dof_motion/lib'
[61.123s] Level 1:colcon.colcon_core.shell:create_environment_hook('tow_dof_motion', 'ld_library_path_lib')
[61.124s] INFO:colcon.colcon_core.shell:Creating environment hook '/home/ros/tow_dof_ws/install/tow_dof_motion/share/tow_dof_motion/hook/ld_library_path_lib.ps1'
[61.135s] INFO:colcon.colcon_core.shell:Creating environment descriptor '/home/ros/tow_dof_ws/install/tow_dof_motion/share/tow_dof_motion/hook/ld_library_path_lib.dsv'
[61.147s] INFO:colcon.colcon_core.shell:Creating environment hook '/home/ros/tow_dof_ws/install/tow_dof_motion/share/tow_dof_motion/hook/ld_library_path_lib.sh'
[61.159s] Level 1:colcon.colcon_core.environment:checking '/home/ros/tow_dof_ws/install/tow_dof_motion/bin'
[61.161s] Level 1:colcon.colcon_core.environment:checking '/home/ros/tow_dof_ws/install/tow_dof_motion/lib/pkgconfig/tow_dof_motion.pc'
[61.163s] Level 1:colcon.colcon_core.environment:checking '/home/ros/tow_dof_ws/install/tow_dof_motion/lib/python3.10/site-packages'
[61.164s] Level 1:colcon.colcon_core.environment:checking '/home/ros/tow_dof_ws/install/tow_dof_motion/bin'
[61.166s] INFO:colcon.colcon_core.shell:Creating package script '/home/ros/tow_dof_ws/install/tow_dof_motion/share/tow_dof_motion/package.ps1'
[61.175s] INFO:colcon.colcon_core.shell:Creating package descriptor '/home/ros/tow_dof_ws/install/tow_dof_motion/share/tow_dof_motion/package.dsv'
[61.185s] INFO:colcon.colcon_core.shell:Creating package script '/home/ros/tow_dof_ws/install/tow_dof_motion/share/tow_dof_motion/package.sh'
[61.199s] INFO:colcon.colcon_core.shell:Creating package script '/home/ros/tow_dof_ws/install/tow_dof_motion/share/tow_dof_motion/package.bash'
[61.214s] INFO:colcon.colcon_core.shell:Creating package script '/home/ros/tow_dof_ws/install/tow_dof_motion/share/tow_dof_motion/package.zsh'
[61.227s] Level 1:colcon.colcon_core.environment:create_file_with_runtime_dependencies(/home/ros/tow_dof_ws/install/tow_dof_motion/share/colcon-core/packages/tow_dof_motion)
[61.235s] DEBUG:colcon.colcon_parallel_executor.executor.parallel:closing loop
[61.235s] DEBUG:colcon.colcon_parallel_executor.executor.parallel:loop closed
[61.236s] DEBUG:colcon.colcon_parallel_executor.executor.parallel:run_until_complete finished with '0'
[61.236s] DEBUG:colcon.colcon_core.event_reactor:joining thread
[61.256s] INFO:colcon.colcon_core.plugin_system:Skipping extension 'colcon_notification.desktop_notification.notify_send': Could not find 'notify-send'
[61.257s] INFO:colcon.colcon_core.plugin_system:Skipping extension 'colcon_notification.desktop_notification.terminal_notifier': Not used on non-Darwin systems
[61.258s] INFO:colcon.colcon_core.plugin_system:Skipping extension 'colcon_notification.desktop_notification.win32': Not used on non-Windows systems
[61.258s] INFO:colcon.colcon_notification.desktop_notification:Sending desktop notification using 'notify2'
[61.261s] DEBUG:colcon.colcon_notification.desktop_notification.notify2:Failed to initialize notify2: org.freedesktop.DBus.Error.Spawn.ExecFailed: /usr/bin/dbus-launch terminated abnormally without any error message
[61.262s] DEBUG:colcon.colcon_core.event_reactor:joined thread
[61.263s] INFO:colcon.colcon_core.shell:Creating prefix script '/home/ros/tow_dof_ws/install/local_setup.ps1'
[61.269s] INFO:colcon.colcon_core.shell:Creating prefix util module '/home/ros/tow_dof_ws/install/_local_setup_util_ps1.py'
[61.275s] INFO:colcon.colcon_core.shell:Creating prefix chain script '/home/ros/tow_dof_ws/install/setup.ps1'
[61.308s] INFO:colcon.colcon_core.shell:Creating prefix script '/home/ros/tow_dof_ws/install/local_setup.sh'
[61.312s] INFO:colcon.colcon_core.shell:Creating prefix util module '/home/ros/tow_dof_ws/install/_local_setup_util_sh.py'
[61.319s] INFO:colcon.colcon_core.shell:Creating prefix chain script '/home/ros/tow_dof_ws/install/setup.sh'
[61.353s] INFO:colcon.colcon_core.shell:Creating prefix script '/home/ros/tow_dof_ws/install/local_setup.bash'
[61.358s] INFO:colcon.colcon_core.shell:Creating prefix chain script '/home/ros/tow_dof_ws/install/setup.bash'
[61.392s] INFO:colcon.colcon_core.shell:Creating prefix script '/home/ros/tow_dof_ws/install/local_setup.zsh'
[61.396s] INFO:colcon.colcon_core.shell:Creating prefix chain script '/home/ros/tow_dof_ws/install/setup.zsh'
