-- The C compiler identification is GNU 11.4.0
-- The CXX compiler identification is GNU 11.4.0
-- Detecting C compiler ABI info
-- Detecting C compiler ABI info - done
-- Check for working C compiler: /usr/bin/cc - skipped
-- Detecting C compile features
-- Detecting C compile features - done
-- Detecting CXX compiler ABI info
-- Detecting CXX compiler ABI info - done
-- Check for working CXX compiler: /usr/bin/c++ - skipped
-- Detecting CXX compile features
-- Detecting CXX compile features - done
-- Found ament_cmake: 1.3.10 (/opt/ros/humble/share/ament_cmake/cmake)
-- Found Python3: /usr/bin/python3 (found version "3.10.12") found components: Interpreter 
-- Override CMake install command with custom implementation using symlinks instead of copying resources
-- Found xacro: 2.0.8 (/opt/ros/humble/share/xacro/cmake)
-- Configuring done
-- Generating done
-- Build files have been written to: /home/ros/tow_dof_ws/build/tow_dof_description
-- Install configuration: ""
-- Execute custom install script
-- Symlinking: /home/ros/tow_dof_ws/install/tow_dof_description/share/tow_dof_description/urdf/common_properties.xacro
-- Symlinking: /home/ros/tow_dof_ws/install/tow_dof_description/share/tow_dof_description/urdf/dof2.urdf
-- Symlinking: /home/ros/tow_dof_ws/install/tow_dof_description/share/tow_dof_description/urdf/dof2.urdf.xacro
-- Symlinking: /home/ros/tow_dof_ws/install/tow_dof_description/share/tow_dof_description/urdf/gripper.xacro
-- Symlinking: /home/ros/tow_dof_ws/install/tow_dof_description/share/tow_dof_description/urdf/mobile_base.xacro
-- Symlinking: /home/ros/tow_dof_ws/install/tow_dof_description/share/tow_dof_description/rviz/tow_dof_config.rviz
-- Symlinking: /home/ros/tow_dof_ws/install/tow_dof_description/share/tow_dof_description/rviz/tow_dof_moveit_config.rviz
-- Symlinking: /home/ros/tow_dof_ws/install/tow_dof_description/share/tow_dof_description/config/ros2_controllers.yaml
-- Symlinking: /home/ros/tow_dof_ws/install/tow_dof_description/share/tow_dof_description/launch/display.launch.py
-- Symlinking: /home/ros/tow_dof_ws/install/tow_dof_description/share/ament_index/resource_index/package_run_dependencies/tow_dof_description
-- Symlinking: /home/ros/tow_dof_ws/install/tow_dof_description/share/ament_index/resource_index/parent_prefix_path/tow_dof_description
-- Symlinking: /home/ros/tow_dof_ws/install/tow_dof_description/share/tow_dof_description/environment/ament_prefix_path.sh
-- Symlinking: /home/ros/tow_dof_ws/install/tow_dof_description/share/tow_dof_description/environment/ament_prefix_path.dsv
-- Symlinking: /home/ros/tow_dof_ws/install/tow_dof_description/share/tow_dof_description/environment/path.sh
-- Symlinking: /home/ros/tow_dof_ws/install/tow_dof_description/share/tow_dof_description/environment/path.dsv
-- Symlinking: /home/ros/tow_dof_ws/install/tow_dof_description/share/tow_dof_description/local_setup.bash
-- Symlinking: /home/ros/tow_dof_ws/install/tow_dof_description/share/tow_dof_description/local_setup.sh
-- Symlinking: /home/ros/tow_dof_ws/install/tow_dof_description/share/tow_dof_description/local_setup.zsh
-- Symlinking: /home/ros/tow_dof_ws/install/tow_dof_description/share/tow_dof_description/local_setup.dsv
-- Symlinking: /home/ros/tow_dof_ws/install/tow_dof_description/share/tow_dof_description/package.dsv
-- Symlinking: /home/ros/tow_dof_ws/install/tow_dof_description/share/ament_index/resource_index/packages/tow_dof_description
-- Symlinking: /home/ros/tow_dof_ws/install/tow_dof_description/share/tow_dof_description/cmake/tow_dof_descriptionConfig.cmake
-- Symlinking: /home/ros/tow_dof_ws/install/tow_dof_description/share/tow_dof_description/cmake/tow_dof_descriptionConfig-version.cmake
-- Symlinking: /home/ros/tow_dof_ws/install/tow_dof_description/share/tow_dof_description/package.xml
