[0.077s] Invoking command in '/home/ros/tow_dof_ws/build/tow_dof_description': CMAKE_PREFIX_PATH=${CMAKE_PREFIX_PATH}:/home/ros/tow_dof_ws/install/xacro_converter:/opt/ros/humble /usr/bin/cmake /home/ros/tow_dof_ws/src/tow_dof_description -DAMENT_CMAKE_SYMLINK_INSTALL=1 -DCMAKE_INSTALL_PREFIX=/home/ros/tow_dof_ws/install/tow_dof_description
[0.439s] -- The C compiler identification is GNU 11.4.0
[0.683s] -- The CXX compiler identification is GNU 11.4.0
[0.739s] -- Detecting C compiler ABI info
[1.402s] -- Detecting C compiler ABI info - done
[1.426s] -- Check for working C compiler: /usr/bin/cc - skipped
[1.427s] -- Detecting C compile features
[1.428s] -- Detecting C compile features - done
[1.477s] -- Detecting CXX compiler ABI info
[2.059s] -- Detecting CXX compiler ABI info - done
[2.097s] -- Check for working CXX compiler: /usr/bin/c++ - skipped
[2.099s] -- Detecting CXX compile features
[2.101s] -- Detecting CXX compile features - done
[2.189s] -- Found ament_cmake: 1.3.10 (/opt/ros/humble/share/ament_cmake/cmake)
[2.503s] -- Found Python3: /usr/bin/python3 (found version "3.10.12") found components: Interpreter 
[2.648s] -- Override CMake install command with custom implementation using symlinks instead of copying resources
[2.807s] -- Found xacro: 2.0.8 (/opt/ros/humble/share/xacro/cmake)
[3.343s] -- Configuring done
[3.561s] -- Generating done
[3.623s] -- Build files have been written to: /home/ros/tow_dof_ws/build/tow_dof_description
[3.629s] Invoked command in '/home/ros/tow_dof_ws/build/tow_dof_description' returned '0': CMAKE_PREFIX_PATH=${CMAKE_PREFIX_PATH}:/home/ros/tow_dof_ws/install/xacro_converter:/opt/ros/humble /usr/bin/cmake /home/ros/tow_dof_ws/src/tow_dof_description -DAMENT_CMAKE_SYMLINK_INSTALL=1 -DCMAKE_INSTALL_PREFIX=/home/ros/tow_dof_ws/install/tow_dof_description
[3.640s] Invoking command in '/home/ros/tow_dof_ws/build/tow_dof_description': CMAKE_PREFIX_PATH=${CMAKE_PREFIX_PATH}:/home/ros/tow_dof_ws/install/xacro_converter:/opt/ros/humble /usr/bin/cmake --build /home/ros/tow_dof_ws/build/tow_dof_description -- -j8 -l8
[3.772s] Invoked command in '/home/ros/tow_dof_ws/build/tow_dof_description' returned '0': CMAKE_PREFIX_PATH=${CMAKE_PREFIX_PATH}:/home/ros/tow_dof_ws/install/xacro_converter:/opt/ros/humble /usr/bin/cmake --build /home/ros/tow_dof_ws/build/tow_dof_description -- -j8 -l8
[3.984s] Invoking command in '/home/ros/tow_dof_ws/build/tow_dof_description': CMAKE_PREFIX_PATH=${CMAKE_PREFIX_PATH}:/home/ros/tow_dof_ws/install/xacro_converter:/opt/ros/humble /usr/bin/cmake --install /home/ros/tow_dof_ws/build/tow_dof_description
[3.997s] -- Install configuration: ""
[4.004s] -- Execute custom install script
[4.052s] -- Symlinking: /home/ros/tow_dof_ws/install/tow_dof_description/share/tow_dof_description/urdf/common_properties.xacro
[4.097s] -- Symlinking: /home/ros/tow_dof_ws/install/tow_dof_description/share/tow_dof_description/urdf/dof2.urdf
[4.141s] -- Symlinking: /home/ros/tow_dof_ws/install/tow_dof_description/share/tow_dof_description/urdf/dof2.urdf.xacro
[4.188s] -- Symlinking: /home/ros/tow_dof_ws/install/tow_dof_description/share/tow_dof_description/urdf/gripper.xacro
[4.236s] -- Symlinking: /home/ros/tow_dof_ws/install/tow_dof_description/share/tow_dof_description/urdf/mobile_base.xacro
[4.298s] -- Symlinking: /home/ros/tow_dof_ws/install/tow_dof_description/share/tow_dof_description/rviz/tow_dof_config.rviz
[4.346s] -- Symlinking: /home/ros/tow_dof_ws/install/tow_dof_description/share/tow_dof_description/rviz/tow_dof_moveit_config.rviz
[4.424s] -- Symlinking: /home/ros/tow_dof_ws/install/tow_dof_description/share/tow_dof_description/config/ros2_controllers.yaml
[4.504s] -- Symlinking: /home/ros/tow_dof_ws/install/tow_dof_description/share/tow_dof_description/launch/display.launch.py
[4.565s] -- Symlinking: /home/ros/tow_dof_ws/install/tow_dof_description/share/ament_index/resource_index/package_run_dependencies/tow_dof_description
[4.639s] -- Symlinking: /home/ros/tow_dof_ws/install/tow_dof_description/share/ament_index/resource_index/parent_prefix_path/tow_dof_description
[4.693s] -- Symlinking: /home/ros/tow_dof_ws/install/tow_dof_description/share/tow_dof_description/environment/ament_prefix_path.sh
[4.746s] -- Symlinking: /home/ros/tow_dof_ws/install/tow_dof_description/share/tow_dof_description/environment/ament_prefix_path.dsv
[4.804s] -- Symlinking: /home/ros/tow_dof_ws/install/tow_dof_description/share/tow_dof_description/environment/path.sh
[4.873s] -- Symlinking: /home/ros/tow_dof_ws/install/tow_dof_description/share/tow_dof_description/environment/path.dsv
[4.927s] -- Symlinking: /home/ros/tow_dof_ws/install/tow_dof_description/share/tow_dof_description/local_setup.bash
[4.971s] -- Symlinking: /home/ros/tow_dof_ws/install/tow_dof_description/share/tow_dof_description/local_setup.sh
[5.008s] -- Symlinking: /home/ros/tow_dof_ws/install/tow_dof_description/share/tow_dof_description/local_setup.zsh
[5.062s] -- Symlinking: /home/ros/tow_dof_ws/install/tow_dof_description/share/tow_dof_description/local_setup.dsv
[5.101s] -- Symlinking: /home/ros/tow_dof_ws/install/tow_dof_description/share/tow_dof_description/package.dsv
[5.144s] -- Symlinking: /home/ros/tow_dof_ws/install/tow_dof_description/share/ament_index/resource_index/packages/tow_dof_description
[5.182s] -- Symlinking: /home/ros/tow_dof_ws/install/tow_dof_description/share/tow_dof_description/cmake/tow_dof_descriptionConfig.cmake
[5.223s] -- Symlinking: /home/ros/tow_dof_ws/install/tow_dof_description/share/tow_dof_description/cmake/tow_dof_descriptionConfig-version.cmake
[5.254s] -- Symlinking: /home/ros/tow_dof_ws/install/tow_dof_description/share/tow_dof_description/package.xml
[5.278s] Invoked command in '/home/ros/tow_dof_ws/build/tow_dof_description' returned '0': CMAKE_PREFIX_PATH=${CMAKE_PREFIX_PATH}:/home/ros/tow_dof_ws/install/xacro_converter:/opt/ros/humble /usr/bin/cmake --install /home/ros/tow_dof_ws/build/tow_dof_description
